// Jest Snapshot v1, https://goo.gl/fbAQLP

exports[`<DetailsItem /> renders product details data 1`] = `
<div>
  <div
    class="Productstyled__Details-sc-1ryevin-0 gwBhly"
    data-testid="product-details"
  >
    <picture>
      <img
        alt="The New Vans"
        height="725"
        src="vans.jpg"
        width="640"
      />
    </picture>
    <h2>
      The New Vans
    </h2>
    <p>
      Â£270
    </p>
    <p>
      Off the Wall Packs
    </p>
  </div>
</div>
`;
